// Vitest Snapshot v1, https://vitest.dev/guide/snapshot.html

exports[`<CircleCheckButton /> > matches snapshot when clicked 1`] = `
<button
  class="MuiButtonBase-root MuiButton-root MuiButton-contained MuiButton-containedPrimary MuiButton-sizeMedium MuiButton-containedSizeMedium MuiButton-colorPrimary MuiButton-root MuiButton-contained MuiButton-containedPrimary MuiButton-sizeMedium MuiButton-containedSizeMedium MuiButton-colorPrimary css-74d805-MuiButtonBase-root-MuiButton-root"
  tabindex="0"
  type="button"
>
  <span
    class="css-1oteowz"
  >
    Submit
  </span>
</button>
`;

exports[`<CircleCheckButton /> > matches snapshot when clicked 2`] = `
<button
  class="MuiButtonBase-root MuiButton-root MuiButton-contained MuiButton-containedPrimary MuiButton-sizeMedium MuiButton-containedSizeMedium MuiButton-colorPrimary MuiButton-root MuiButton-contained MuiButton-containedPrimary MuiButton-sizeMedium MuiButton-containedSizeMedium MuiButton-colorPrimary css-74d805-MuiButtonBase-root-MuiButton-root"
  tabindex="0"
  type="button"
>
  <svg
    aria-labelledby="_r_0_"
    class="css-1n1zzbt"
    role="graphics-symbol"
    viewBox="0 0 52 52"
    xmlns="http://www.w3.org/2000/svg"
  >
    <title
      id="_r_0_"
    >
      Circle Check
    </title>
    <circle
      class="css-11lco7a"
      cx="26"
      cy="26"
      fill="none"
      r="25"
    />
    <path
      class="css-r0i9d7"
      d="M14.1 27.2l7.1 7.2 16.7-16.8"
      fill="none"
    />
  </svg>
  <span
    class="css-1wk92h"
  >
    Submit
  </span>
  <span
    class="MuiTouchRipple-root css-r3djoj-MuiTouchRipple-root"
  >
    <span
      class="css-y4cjyz-MuiTouchRipple-ripple MuiTouchRipple-ripple MuiTouchRipple-rippleVisible"
      style="width: 2.8284271247461903px; height: 2.8284271247461903px; top: -1.4142135623730951px; left: -1.4142135623730951px;"
    >
      <span
        class="MuiTouchRipple-child MuiTouchRipple-childLeaving"
      />
    </span>
  </span>
</button>
`;
