// Vitest Snapshot v1, https://vitest.dev/guide/snapshot.html

exports[`fallbackRender > renders styled fallback 1`] = `
<div
  class="css-b9r7b0 eh8oxhq1"
  data-testid="fallback-renderer"
>
  <div
    class="css-1hafge1 eh8oxhq0"
    role="alert"
  >
    <div
      class="css-1x7xt10 eh8oxhq2"
    >
      <h3
        class="css-1uk1gs8 e1478dbm2"
      >
        An irrecoverable error occurred
      </h3>
    </div>
    <div
      class="css-1oaylr4 eh8oxhq3"
    >
      <div
        class="css-79elbk eh8oxhq6"
      >
        <img
          alt="GameBoy Advance with error icon"
          class="css-kpfxlo eh8oxhq4"
          src="/img/error-512x512.png"
        />
        <a
          class="css-1u8u5c9 eh8oxhq7"
          href="https://www.freepik.com/free-vector/editable-text-effect-error-3d-hack-virus-font-style_21408324.htm"
          target="_blank"
        >
          Font by NACreative
        </a>
      </div>
      <p
        style="color: red;"
      >
        A test error
      </p>
      <p>
        Please use the buttons below to copy the stack trace and create an issue, this helps a lot with error reporting!
      </p>
    </div>
    <div
      class="css-1ye8vzh eh8oxhq5"
    >
      <button
        class="MuiButtonBase-root MuiButton-root MuiButton-contained MuiButton-containedInfo MuiButton-sizeMedium MuiButton-containedSizeMedium MuiButton-colorInfo MuiButton-root MuiButton-contained MuiButton-containedInfo MuiButton-sizeMedium MuiButton-containedSizeMedium MuiButton-colorInfo css-2lrc7h-MuiButtonBase-root-MuiButton-root"
        tabindex="0"
        type="button"
      >
        Copy trace
      </button>
      <span>
        →
      </span>
      <a
        class="MuiButtonBase-root MuiButton-root MuiButton-contained MuiButton-containedSuccess MuiButton-sizeMedium MuiButton-containedSizeMedium MuiButton-colorSuccess MuiButton-root MuiButton-contained MuiButton-containedSuccess MuiButton-sizeMedium MuiButton-containedSizeMedium MuiButton-colorSuccess css-169vjdk-MuiButtonBase-root-MuiButton-root"
        href="https://github.com/thenick775/gbajs3/issues"
        tabindex="0"
        target="_blank"
      >
        Create issue
      </a>
      <span>
        →
      </span>
      <button
        class="MuiButtonBase-root MuiButton-root MuiButton-contained MuiButton-containedSecondary MuiButton-sizeMedium MuiButton-containedSizeMedium MuiButton-colorSecondary MuiButton-root MuiButton-contained MuiButton-containedSecondary MuiButton-sizeMedium MuiButton-containedSizeMedium MuiButton-colorSecondary css-1wxqspn-MuiButtonBase-root-MuiButton-root"
        tabindex="0"
        type="button"
      >
        Dismiss and reset
      </button>
    </div>
  </div>
</div>
`;
